[    0.000000] Linux version 4.15.0-121-generic (buildd@lgw01-amd64-034) (gcc version 7.5.0 (Ubuntu 7.5.0-3ubuntu1~18.04)) #123-Ubuntu SMP Mon Oct 5 16:16:40 UTC 2020 (Ubuntu 4.15.0-121.123-generic 4.15.18)
[    0.000000] Command line: BOOT_IMAGE=/boot/vmlinuz-4.15.0-121-generic root=LABEL=cloudimg-rootfs ro console=tty1 console=ttyS0
[    0.000000] KERNEL supported cpus:
[    0.000000]   Intel GenuineIntel
[    0.000000]   AMD AuthenticAMD
[    0.000000]   Centaur CentaurHauls
[    0.000000] x86/fpu: Supporting XSAVE feature 0x001: 'x87 floating point registers'
[    0.000000] x86/fpu: Supporting XSAVE feature 0x002: 'SSE registers'
[    0.000000] x86/fpu: Supporting XSAVE feature 0x004: 'AVX registers'
[    0.000000] x86/fpu: xstate_offset[2]:  576, xstate_sizes[2]:  256
[    0.000000] x86/fpu: Enabled xstate features 0x7, context size is 832 bytes, using 'standard' format.
[    0.000000] e820: BIOS-provided physical RAM map:
[    0.000000] BIOS-e820: [mem 0x0000000000000000-0x000000000009fbff] usable
[    0.000000] BIOS-e820: [mem 0x000000000009fc00-0x000000000009ffff] reserved
[    0.000000] BIOS-e820: [mem 0x00000000000f0000-0x00000000000fffff] reserved
[    0.000000] BIOS-e820: [mem 0x0000000000100000-0x00000000dffeffff] usable
[    0.000000] BIOS-e820: [mem 0x00000000dfff0000-0x00000000dfffffff] ACPI data
[    0.000000] BIOS-e820: [mem 0x00000000fec00000-0x00000000fec00fff] reserved
[    0.000000] BIOS-e820: [mem 0x00000000fee00000-0x00000000fee00fff] reserved
[    0.000000] BIOS-e820: [mem 0x00000000fffc0000-0x00000000ffffffff] reserved
[    0.000000] BIOS-e820: [mem 0x0000000100000000-0x000000021fffffff] usable
[    0.000000] NX (Execute Disable) protection: active
[    0.000000] SMBIOS 2.5 present.
[    0.000000] DMI: innotek GmbH VirtualBox/VirtualBox, BIOS VirtualBox 12/01/2006
[    0.000000] Hypervisor detected: KVM
[    0.000000] e820: last_pfn = 0x220000 max_arch_pfn = 0x400000000
[    0.000000] MTRR: Disabled
[    0.000000] x86/PAT: MTRRs disabled, skipping PAT initialization too.
[    0.000000] CPU MTRRs all blank - virtualized system.
[    0.000000] x86/PAT: Configuration [0-7]: WB  WT  UC- UC  WB  WT  UC- UC  
[    0.000000] e820: last_pfn = 0xdfff0 max_arch_pfn = 0x400000000
[    0.000000] found SMP MP-table at [mem 0x0009fff0-0x0009ffff]
[    0.000000] Scanning 1 areas for low memory corruption
[    0.000000] RAMDISK: [mem 0x35a63000-0x36d28fff]
[    0.000000] ACPI: Early table checksum verification disabled
[    0.000000] ACPI: RSDP 0x00000000000E0000 000024 (v02 VBOX  )
[    0.000000] ACPI: XSDT 0x00000000DFFF0030 00003C (v01 VBOX   VBOXXSDT 00000001 ASL  00000061)
[    0.000000] ACPI: FACP 0x00000000DFFF00F0 0000F4 (v04 VBOX   VBOXFACP 00000001 ASL  00000061)
[    0.000000] ACPI: DSDT 0x00000000DFFF0480 002325 (v02 VBOX   VBOXBIOS 00000002 INTL 20100528)
[    0.000000] ACPI: FACS 0x00000000DFFF0200 000040
[    0.000000] ACPI: FACS 0x00000000DFFF0200 000040
[    0.000000] ACPI: APIC 0x00000000DFFF0240 00006C (v02 VBOX   VBOXAPIC 00000001 ASL  00000061)
[    0.000000] ACPI: SSDT 0x00000000DFFF02B0 0001CC (v01 VBOX   VBOXCPUT 00000002 INTL 20100528)
[    0.000000] No NUMA configuration found
[    0.000000] Faking a node at [mem 0x0000000000000000-0x000000021fffffff]
[    0.000000] NODE_DATA(0) allocated [mem 0x21ffd4000-0x21fffefff]
[    0.000000] kvm-clock: cpu 0, msr 2:1ff53001, primary cpu clock
[    0.000000] kvm-clock: Using msrs 4b564d01 and 4b564d00
[    0.000000] kvm-clock: using sched offset of 3411414171 cycles
[    0.000000] clocksource: kvm-clock: mask: 0xffffffffffffffff max_cycles: 0x1cd42e4dffb, max_idle_ns: 881590591483 ns
[    0.000000] Zone ranges:
[    0.000000]   DMA      [mem 0x0000000000001000-0x0000000000ffffff]
[    0.000000]   DMA32    [mem 0x0000000001000000-0x00000000ffffffff]
[    0.000000]   Normal   [mem 0x0000000100000000-0x000000021fffffff]
[    0.000000]   Device   empty
[    0.000000] Movable zone start for each node
[    0.000000] Early memory node ranges
[    0.000000]   node   0: [mem 0x0000000000001000-0x000000000009efff]
[    0.000000]   node   0: [mem 0x0000000000100000-0x00000000dffeffff]
[    0.000000]   node   0: [mem 0x0000000100000000-0x000000021fffffff]
[    0.000000] Reserved but unavailable: 98 pages
[    0.000000] Initmem setup node 0 [mem 0x0000000000001000-0x000000021fffffff]
[    0.000000] ACPI: PM-Timer IO Port: 0x4008
[    0.000000] IOAPIC[0]: apic_id 4, version 32, address 0xfec00000, GSI 0-23
[    0.000000] ACPI: INT_SRC_OVR (bus 0 bus_irq 0 global_irq 2 dfl dfl)
[    0.000000] ACPI: INT_SRC_OVR (bus 0 bus_irq 9 global_irq 9 low level)
[    0.000000] Using ACPI (MADT) for SMP configuration information
[    0.000000] smpboot: Allowing 4 CPUs, 0 hotplug CPUs
[    0.000000] PM: Registered nosave memory: [mem 0x00000000-0x00000fff]
[    0.000000] PM: Registered nosave memory: [mem 0x0009f000-0x0009ffff]
[    0.000000] PM: Registered nosave memory: [mem 0x000a0000-0x000effff]
[    0.000000] PM: Registered nosave memory: [mem 0x000f0000-0x000fffff]
[    0.000000] PM: Registered nosave memory: [mem 0xdfff0000-0xdfffffff]
[    0.000000] PM: Registered nosave memory: [mem 0xe0000000-0xfebfffff]
[    0.000000] PM: Registered nosave memory: [mem 0xfec00000-0xfec00fff]
[    0.000000] PM: Registered nosave memory: [mem 0xfec01000-0xfedfffff]
[    0.000000] PM: Registered nosave memory: [mem 0xfee00000-0xfee00fff]
[    0.000000] PM: Registered nosave memory: [mem 0xfee01000-0xfffbffff]
[    0.000000] PM: Registered nosave memory: [mem 0xfffc0000-0xffffffff]
[    0.000000] e820: [mem 0xe0000000-0xfebfffff] available for PCI devices
[    0.000000] Booting paravirtualized kernel on KVM
[    0.000000] clocksource: refined-jiffies: mask: 0xffffffff max_cycles: 0xffffffff, max_idle_ns: 7645519600211568 ns
[    0.000000] random: get_random_bytes called from start_kernel+0x99/0x500 with crng_init=0
[    0.000000] setup_percpu: NR_CPUS:8192 nr_cpumask_bits:4 nr_cpu_ids:4 nr_node_ids:1
[    0.000000] percpu: Embedded 45 pages/cpu s147456 r8192 d28672 u524288
[    0.000000] PV qspinlock hash table entries: 256 (order: 0, 4096 bytes)
[    0.000000] Built 1 zonelists, mobility grouping on.  Total pages: 2064249
[    0.000000] Policy zone: Normal
[    0.000000] Kernel command line: BOOT_IMAGE=/boot/vmlinuz-4.15.0-121-generic root=LABEL=cloudimg-rootfs ro console=tty1 console=ttyS0
[    0.000000] Memory: 8142052K/8388152K available (12300K kernel code, 2482K rwdata, 4272K rodata, 2436K init, 2724K bss, 246100K reserved, 0K cma-reserved)
[    0.000000] SLUB: HWalign=64, Order=0-3, MinObjects=0, CPUs=4, Nodes=1
[    0.000000] Kernel/User page tables isolation: enabled
[    0.000000] ftrace: allocating 39402 entries in 154 pages
[    0.004000] Hierarchical RCU implementation.
[    0.004000] 	RCU restricting CPUs from NR_CPUS=8192 to nr_cpu_ids=4.
[    0.004000] 	Tasks RCU enabled.
[    0.004000] RCU: Adjusting geometry for rcu_fanout_leaf=16, nr_cpu_ids=4
[    0.004000] NR_IRQS: 524544, nr_irqs: 456, preallocated irqs: 16
[    0.004000] Console: colour VGA+ 80x25
[    0.004000] console [tty1] enabled
[    0.004000] console [ttyS0] enabled
[    0.004000] ACPI: Core revision 20170831
[    0.004000] ACPI: 2 ACPI AML tables successfully acquired and loaded
[    0.004000] APIC: Switch to symmetric I/O mode setup
[    0.004000] x2apic enabled
[    0.004000] Switched APIC routing to physical x2apic.
[    0.004000] ..TIMER: vector=0x30 apic1=0 pin1=2 apic2=-1 pin2=-1
[    0.004003] tsc: Detected 2592.000 MHz processor
[    0.004821] Calibrating delay loop (skipped) preset value.. 5184.00 BogoMIPS (lpj=10368000)
[    0.005968] pid_max: default: 32768 minimum: 301
[    0.008026] Security Framework initialized
[    0.008849] Yama: becoming mindful.
[    0.009496] AppArmor: AppArmor initialized
[    0.012000] Dentry cache hash table entries: 1048576 (order: 11, 8388608 bytes)
[    0.014214] Inode-cache hash table entries: 524288 (order: 10, 4194304 bytes)
[    0.016020] Mount-cache hash table entries: 16384 (order: 5, 131072 bytes)
[    0.017176] Mountpoint-cache hash table entries: 16384 (order: 5, 131072 bytes)
[    0.018672] Last level iTLB entries: 4KB 64, 2MB 8, 4MB 8
[    0.019617] Last level dTLB entries: 4KB 64, 2MB 0, 4MB 0, 1GB 4
[    0.020002] Spectre V1 : Mitigation: usercopy/swapgs barriers and __user pointer sanitization
[    0.021708] Spectre V2 : Mitigation: Full generic retpoline
[    0.022653] Spectre V2 : Spectre v2 / SpectreRSB mitigation: Filling RSB on context switch
[    0.024001] Speculative Store Bypass: Vulnerable
[    0.024803] SRBDS: Unknown: Dependent on hypervisor status
[    0.025721] MDS: Mitigation: Clear CPU buffers
[    0.026677] Freeing SMP alternatives memory: 36K
[    0.137348] smpboot: CPU0: Intel(R) Core(TM) i7-9750H CPU @ 2.60GHz (family: 0x6, model: 0x9e, stepping: 0xa)
[    0.139423] Performance Events: unsupported p6 CPU model 158 no PMU driver, software events only.
[    0.140000] Hierarchical SRCU implementation.
[    0.141928] NMI watchdog: Perf event create on CPU 0 failed with -2
[    0.142934] NMI watchdog: Perf NMI watchdog permanently disabled
[    0.144034] smp: Bringing up secondary CPUs ...
[    0.144822] x86: Booting SMP configuration:
[    0.145509] .... node  #0, CPUs:      #1
[    0.004000] kvm-clock: cpu 1, msr 2:1ff53041, secondary cpu clock
[    0.150193]  #2
[    0.004000] kvm-clock: cpu 2, msr 2:1ff53081, secondary cpu clock
[    0.152057]  #3
[    0.004000] kvm-clock: cpu 3, msr 2:1ff530c1, secondary cpu clock
[    0.156010] smp: Brought up 1 node, 4 CPUs
[    0.157130] smpboot: Max logical packages: 1
[    0.158151] smpboot: Total of 4 processors activated (20736.00 BogoMIPS)
[    0.160184] devtmpfs: initialized
[    0.160817] x86/mm: Memory block size: 128MB
[    0.162105] evm: security.selinux
[    0.162679] evm: security.SMACK64
[    0.164002] evm: security.SMACK64EXEC
[    0.164626] evm: security.SMACK64TRANSMUTE
[    0.165331] evm: security.SMACK64MMAP
[    0.165961] evm: security.apparmor
[    0.166567] evm: security.ima
[    0.167073] evm: security.capability
[    0.168069] clocksource: jiffies: mask: 0xffffffff max_cycles: 0xffffffff, max_idle_ns: 7645041785100000 ns
[    0.169649] futex hash table entries: 1024 (order: 4, 65536 bytes)
[    0.171121] pinctrl core: initialized pinctrl subsystem
[    0.172069] RTC time: 19:15:29, date: 06/13/22
[    0.173035] NET: Registered protocol family 16
[    0.173823] audit: initializing netlink subsys (disabled)
[    0.174705] audit: type=2000 audit(1655147735.108:1): state=initialized audit_enabled=0 res=1
[    0.176004] cpuidle: using governor ladder
[    0.176708] cpuidle: using governor menu
[    0.177428] ACPI: bus type PCI registered
[    0.178328] acpiphp: ACPI Hot Plug PCI Controller Driver version: 0.5
[    0.181502] PCI: Using configuration type 1 for base access
[    0.182522] HugeTLB registered 2.00 MiB page size, pre-allocated 0 pages
[    0.184054] ACPI: Added _OSI(Module Device)
[    0.184818] ACPI: Added _OSI(Processor Device)
[    0.185566] ACPI: Added _OSI(3.0 _SCP Extensions)
[    0.186399] ACPI: Added _OSI(Processor Aggregator Device)
[    0.188005] ACPI: Added _OSI(Linux-Dell-Video)
[    0.188728] ACPI: Added _OSI(Linux-Lenovo-NV-HDMI-Audio)
[    0.189657] ACPI: Added _OSI(Linux-HPI-Hybrid-Graphics)
[    0.192084] ACPI: Executed 1 blocks of module-level executable AML code
[    0.195540] ACPI: Interpreter enabled
[    0.196000] ACPI: (supports S0 S5)
[    0.196001] ACPI: Using IOAPIC for interrupt routing
[    0.196951] PCI: Using host bridge windows from ACPI; if necessary, use "pci=nocrs" and report a bug
[    0.198700] ACPI: Enabled 2 GPEs in block 00 to 07
[    0.205703] ACPI: PCI Root Bridge [PCI0] (domain 0000 [bus 00-ff])
[    0.206975] acpi PNP0A03:00: _OSC: OS supports [ASPM ClockPM Segments MSI]
[    0.208271] acpi PNP0A03:00: _OSC: not requesting OS control; OS requires [ExtendedConfig ASPM ClockPM MSI]
[    0.209993] acpi PNP0A03:00: fail to add MMCONFIG information, can't access extended PCI configuration space under this bridge.
[    0.212400] PCI host bridge to bus 0000:00
[    0.213091] pci_bus 0000:00: root bus resource [io  0x0000-0x0cf7 window]
[    0.214338] pci_bus 0000:00: root bus resource [io  0x0d00-0xffff window]
[    0.215445] pci_bus 0000:00: root bus resource [mem 0x000a0000-0x000bffff window]
[    0.216002] pci_bus 0000:00: root bus resource [mem 0xe0000000-0xfdffffff window]
[    0.217357] pci_bus 0000:00: root bus resource [bus 00-ff]
[    0.221608] pci 0000:00:01.1: legacy IDE quirk: reg 0x10: [io  0x01f0-0x01f7]
[    0.222820] pci 0000:00:01.1: legacy IDE quirk: reg 0x14: [io  0x03f6]
[    0.223876] pci 0000:00:01.1: legacy IDE quirk: reg 0x18: [io  0x0170-0x0177]
[    0.224002] pci 0000:00:01.1: legacy IDE quirk: reg 0x1c: [io  0x0376]
[    0.277572] pci 0000:00:07.0: quirk: [io  0x4000-0x403f] claimed by PIIX4 ACPI
[    0.279414] pci 0000:00:07.0: quirk: [io  0x4100-0x410f] claimed by PIIX4 SMB
[    0.312998] ACPI: PCI Interrupt Link [LNKA] (IRQs 5 9 10 *11)
[    0.314787] ACPI: PCI Interrupt Link [LNKB] (IRQs 5 9 *10 11)
[    0.316000] ACPI: PCI Interrupt Link [LNKC] (IRQs 5 *9 10 11)
[    0.316106] ACPI: PCI Interrupt Link [LNKD] (IRQs 5 9 10 *11)
[    0.317280] SCSI subsystem initialized
[    0.317939] pci 0000:00:02.0: vgaarb: setting as boot VGA device
[    0.317939] pci 0000:00:02.0: vgaarb: VGA device added: decodes=io+mem,owns=io+mem,locks=none
[    0.320007] pci 0000:00:02.0: vgaarb: bridge control possible
[    0.321121] vgaarb: loaded
[    0.321609] ACPI: bus type USB registered
[    0.322287] usbcore: registered new interface driver usbfs
[    0.324007] usbcore: registered new interface driver hub
[    0.324885] usbcore: registered new device driver usb
[    0.325786] EDAC MC: Ver: 3.0.0
[    0.325786] PCI: Using ACPI for IRQ routing
[    0.328136] NetLabel: Initializing
[    0.328717] NetLabel:  domain hash size = 128
[    0.329446] NetLabel:  protocols = UNLABELED CIPSOv4 CALIPSO
[    0.330555] NetLabel:  unlabeled traffic allowed by default
[    0.331617] clocksource: Switched to clocksource kvm-clock
[    0.338807] VFS: Disk quotas dquot_6.6.0
[    0.340010] VFS: Dquot-cache hash table entries: 512 (order 0, 4096 bytes)
[    0.341189] AppArmor: AppArmor Filesystem Enabled
[    0.341976] pnp: PnP ACPI init
[    0.343519] pnp: PnP ACPI: found 3 devices
[    0.353406] clocksource: acpi_pm: mask: 0xffffff max_cycles: 0xffffff, max_idle_ns: 2085701024 ns
[    0.355257] NET: Registered protocol family 2
[    0.356105] TCP established hash table entries: 65536 (order: 7, 524288 bytes)
[    0.359016] TCP bind hash table entries: 65536 (order: 8, 1048576 bytes)
[    0.360209] TCP: Hash tables configured (established 65536 bind 65536)
[    0.361349] UDP hash table entries: 4096 (order: 5, 131072 bytes)
[    0.362489] UDP-Lite hash table entries: 4096 (order: 5, 131072 bytes)
[    0.364426] NET: Registered protocol family 1
[    0.365476] pci 0000:00:00.0: Limiting direct PCI/PCI transfers
[    0.366470] pci 0000:00:01.0: Activating ISA DMA hang workarounds
[    0.367524] pci 0000:00:02.0: Video device with shadowed ROM at [mem 0x000c0000-0x000dffff]
[    0.369284] Unpacking initramfs...
[    0.632561] Freeing initrd memory: 19224K
[    0.633722] PCI-DMA: Using software bounce buffering for IO (SWIOTLB)
[    0.635037] software IO TLB: mapped [mem 0xdbff0000-0xdfff0000] (64MB)
[    0.636102] clocksource: tsc: mask: 0xffffffffffffffff max_cycles: 0x255cb6cc5db, max_idle_ns: 440795203504 ns
[    0.638043] platform rtc_cmos: registered platform RTC device (no PNP device found)
[    0.639374] Scanning for low memory corruption every 60 seconds
[    0.640840] Initialise system trusted keyrings
[    0.641591] Key type blacklist registered
[    0.642310] workingset: timestamp_bits=36 max_order=21 bucket_order=0
[    0.643950] zbud: loaded
[    0.644817] squashfs: version 4.0 (2009/01/31) Phillip Lougher
[    0.645931] fuse init (API version 7.26)
[    0.648813] Key type asymmetric registered
[    0.649491] Asymmetric key parser 'x509' registered
[    0.650300] Block layer SCSI generic (bsg) driver version 0.4 loaded (major 246)
[    0.651542] io scheduler noop registered
[    0.652234] io scheduler deadline registered
[    0.652949] io scheduler cfq registered (default)
[    0.654145] ACPI: AC Adapter [AC] (on-line)
[    0.654879] input: Power Button as /devices/LNXSYSTM:00/LNXPWRBN:00/input/input0
[    0.656203] ACPI: Power Button [PWRF]
[    0.656886] input: Sleep Button as /devices/LNXSYSTM:00/LNXSLPBN:00/input/input1
[    0.658084] ACPI: Sleep Button [SLPF]
[    0.658982] Serial: 8250/16550 driver, 32 ports, IRQ sharing enabled
[    0.659805] ACPI: Battery Slot [BAT0] (battery present)
[    0.681303] 00:02: ttyS0 at I/O 0x3f8 (irq = 4, base_baud = 115200) is a 16550A
[    0.685132] Linux agpgart interface v0.103
[    0.688517] loop: module loaded
[    0.689485] scsi host0: ata_piix
[    0.690179] scsi host1: ata_piix
[    0.690747] ata1: PATA max UDMA/33 cmd 0x1f0 ctl 0x3f6 bmdma 0xd000 irq 14
[    0.691839] ata2: PATA max UDMA/33 cmd 0x170 ctl 0x376 bmdma 0xd008 irq 15
[    0.693044] libphy: Fixed MDIO Bus: probed
[    0.693755] tun: Universal TUN/TAP device driver, 1.6
[    0.694638] PPP generic driver version 2.4.2
[    0.695489] ehci_hcd: USB 2.0 'Enhanced' Host Controller (EHCI) Driver
[    0.696575] ehci-pci: EHCI PCI platform driver
[    0.697307] ehci-platform: EHCI generic platform driver
[    0.698176] ohci_hcd: USB 1.1 'Open' Host Controller (OHCI) Driver
[    0.699147] ohci-pci: OHCI PCI platform driver
[    0.699879] ohci-platform: OHCI generic platform driver
[    0.700767] uhci_hcd: USB Universal Host Controller Interface driver
[    0.701795] i8042: PNP: PS/2 Controller [PNP0303:PS2K,PNP0f03:PS2M] at 0x60,0x64 irq 1,12
[    0.703452] serio: i8042 KBD port at 0x60,0x64 irq 1
[    0.704318] serio: i8042 AUX port at 0x60,0x64 irq 12
[    0.705265] mousedev: PS/2 mouse device common for all mice
[    0.706596] rtc_cmos rtc_cmos: rtc core: registered rtc_cmos as rtc0
[    0.707651] input: AT Translated Set 2 keyboard as /devices/platform/i8042/serio0/input/input2
[    0.708327] rtc_cmos rtc_cmos: alarms up to one day, 114 bytes nvram
[    0.710606] i2c /dev entries driver
[    0.711228] device-mapper: uevent: version 1.0.3
[    0.712099] device-mapper: ioctl: 4.37.0-ioctl (2017-09-20) initialised: dm-devel@redhat.com
[    0.713726] ledtrig-cpu: registered to indicate activity on CPUs
[    0.715065] NET: Registered protocol family 10
[    0.718363] Segment Routing with IPv6
[    0.718991] NET: Registered protocol family 17
[    0.719797] Key type dns_resolver registered
[    0.720778] mce: Using 0 MCE banks
[    0.721368] RAS: Correctable Errors collector initialized.
[    0.722253] sched_clock: Marking stable (720761748, 0)->(1021545190, -300783442)
[    0.724312] registered taskstats version 1
[    0.725004] Loading compiled-in X.509 certificates
[    0.727253] Loaded X.509 cert 'Build time autogenerated kernel key: 517b2180bafe62ad6f81db3336688475b28504c0'
[    0.729198] zswap: loaded using pool lzo/zbud
[    0.733820] Key type big_key registered
[    0.734490] Key type trusted registered
[    0.736250] Key type encrypted registered
[    0.736925] AppArmor: AppArmor sha1 policy hashing enabled
[    0.737813] ima: No TPM chip found, activating TPM-bypass! (rc=-19)
[    0.738873] ima: Allocated hash algorithm: sha1
[    0.739629] evm: HMAC attrs: 0x1
[    0.740496]   Magic number: 10:711:293
[    0.741154] tty tty26: hash matches
[    0.741850] rtc_cmos rtc_cmos: setting system clock to 2022-06-13 19:15:30 UTC (1655147730)
[    0.743301] BIOS EDD facility v0.16 2004-Jun-25, 0 devices found
[    0.744785] EDD information not available.
[    1.170177] Freeing unused kernel image memory: 2436K
[    1.277120] Write protecting the kernel read-only data: 20480k
[    1.279970] Freeing unused kernel image memory: 2008K
[    1.281453] Freeing unused kernel image memory: 1872K
[    1.289207] x86/mm: Checked W+X mappings: passed, no W+X pages found.
[    1.290487] x86/mm: Checking user space page tables
[    1.297265] x86/mm: Checked W+X mappings: passed, no W+X pages found.
Loading, please wait...
starting version 237
[    1.349096] e1000: Intel(R) PRO/1000 Network Driver - version 7.3.21-k8-NAPI
[    1.350799] e1000: Copyright (c) 1999-2006 Intel Corporation.
[    1.351968] Fusion MPT base driver 3.04.20
[    1.353173] Copyright (c) 1999-2008 LSI Corporation
[    1.358409] Fusion MPT SPI Host driver 3.04.20
[    1.365503] AVX2 version of gcm_enc/dec engaged.
[    1.366461] AES CTR mode by8 optimization enabled
[    1.563751] input: ImExPS/2 Generic Explorer Mouse as /devices/platform/i8042/serio1/input/input4
[    1.748165] e1000 0000:00:03.0 eth0: (PCI:33MHz:32-bit) 02:c6:b0:25:69:cb
[    1.750089] e1000 0000:00:03.0 eth0: Intel(R) PRO/1000 Network Connection
[    2.657495] e1000 0000:00:08.0 eth1: (PCI:33MHz:32-bit) 08:00:27:0a:30:ba
[    2.659205] e1000 0000:00:08.0 eth1: Intel(R) PRO/1000 Network Connection
[    2.661974] e1000 0000:00:03.0 enp0s3: renamed from eth0
[    2.663165] mptbase: ioc0: Initiating bringup
[    2.709769] e1000 0000:00:08.0 enp0s8: renamed from eth1
[    3.657077] ioc0: LSI53C1030 A0: Capabilities={Initiator}
[    5.712893] scsi host2: ioc0: LSI53C1030 A0, FwRev=00000000h, Ports=1, MaxQ=256, IRQ=20
[    7.315320] scsi 2:0:0:0: Direct-Access     VBOX     HARDDISK         1.0  PQ: 0 ANSI: 5
[    8.208534] scsi target2:0:0: Beginning Domain Validation
[    8.210926] scsi target2:0:0: Domain Validation skipping write tests
[    8.211998] scsi target2:0:0: Ending Domain Validation
[    8.212991] scsi target2:0:0: asynchronous
[    8.214273] scsi 2:0:1:0: Direct-Access     VBOX     HARDDISK         1.0  PQ: 0 ANSI: 5
[    9.201674] scsi target2:0:1: Beginning Domain Validation
[    9.205594] random: fast init done
[    9.206703] scsi target2:0:1: Domain Validation skipping write tests
[    9.208221] scsi target2:0:1: Ending Domain Validation
[    9.209505] scsi target2:0:1: asynchronous
[    9.214503] random: systemd-udevd: uninitialized urandom read (16 bytes read)
[    9.214541] sd 2:0:0:0: Attached scsi generic sg0 type 0
[    9.214930] sd 2:0:0:0: [sda] 20971520 512-byte logical blocks: (10.7 GB/10.0 GiB)
[    9.215018] sd 2:0:0:0: [sda] Write Protect is off
[    9.215219] sd 2:0:0:0: [sda] Incomplete mode parameter data
[    9.215220] sd 2:0:0:0: [sda] Assuming drive cache: write through
[    9.216255] random: systemd-udevd: uninitialized urandom read (16 bytes read)
[    9.217600] sd 2:0:1:0: Attached scsi generic sg1 type 0
[    9.218050] sd 2:0:1:0: [sdb] 20480 512-byte logical blocks: (10.5 MB/10.0 MiB)
[    9.218143] sd 2:0:1:0: [sdb] Write Protect is off
[    9.218324] sd 2:0:1:0: [sdb] Incomplete mode parameter data
[    9.218325] sd 2:0:1:0: [sdb] Assuming drive cache: write through
[    9.218486]  sda: sda1
[    9.219364] random: systemd-udevd: uninitialized urandom read (16 bytes read)
[    9.221511] sd 2:0:0:0: [sda] Attached SCSI disk
[    9.223342] sd 2:0:1:0: [sdb] Attached SCSI disk
Begin: Loading essential drivers ... [   10.616344] raid6: sse2x1   gen() 13741 MB/s
[   10.664260] raid6: sse2x1   xor() 10041 MB/s
[   10.712017] raid6: sse2x2   gen() 17093 MB/s
[   10.760147] raid6: sse2x2   xor() 11485 MB/s
[   10.808301] raid6: sse2x4   gen() 19876 MB/s
[   10.856105] raid6: sse2x4   xor() 11813 MB/s
[   10.904039] raid6: avx2x1   gen() 27264 MB/s
[   10.952356] raid6: avx2x1   xor() 19153 MB/s
[   11.000231] raid6: avx2x2   gen() 30597 MB/s
[   11.048209] raid6: avx2x2   xor() 20307 MB/s
[   11.096260] raid6: avx2x4   gen() 37730 MB/s
[   11.144432] raid6: avx2x4   xor() 22832 MB/s
[   11.145323] raid6: using algorithm avx2x4 gen() 37730 MB/s
[   11.146287] raid6: .... xor() 22832 MB/s, rmw enabled
[   11.147156] raid6: using avx2x2 recovery algorithm
[   11.148902] xor: automatically using best checksumming function   avx       
[   11.151044] async_tx: api initialized (async)
done.
Begin: Running /scripts/init-premount ... done.
Begin: Mounting root file system ... Begin: Running /scripts/local-top ... done.
Begin: Running /scripts/local-premount ... [   11.184411] Btrfs loaded, crc32c=crc32c-intel
Scanning for Btrfs filesystems
done.
Warning: fsck not present, so skipping root file system
[   11.199756] EXT4-fs (sda1): mounted filesystem with ordered data mode. Opts: (null)
done.
Begin: Running /scripts/local-bottom ... done.
Begin: Running /scripts/init-bottom ... done.
[   11.290336] ip_tables: (C) 2000-2006 Netfilter Core Team
[   11.294615] systemd[1]: systemd 237 running in system mode. (+PAM +AUDIT +SELINUX +IMA +APPARMOR +SMACK +SYSVINIT +UTMP +LIBCRYPTSETUP +GCRYPT +GNUTLS +ACL +XZ +LZ4 +SECCOMP +BLKID +ELFUTILS +KMOD -IDN2 +IDN -PCRE2 default-hierarchy=hybrid)
[   11.298220] systemd[1]: Detected virtualization oracle.
[   11.299110] systemd[1]: Detected architecture x86-64.

Welcome to [1mUbuntu 18.04.5 LTS[0m!

[   11.306205] systemd[1]: Set hostname to <ubuntu>.
[   11.308615] systemd[1]: Initializing machine ID from random generator.
[   11.309710] systemd[1]: Installed transient /etc/machine-id file.
[   12.172852] systemd[1]: Set up automount Arbitrary Executable File Formats File System Automount Point.
[[0;32m  OK  [0m] Set up automount Arbitrary Executab…rmats File System Automount Point.
[   12.175741] systemd[1]: Reached target User and Group Name Lookups.
[[0;32m  OK  [0m] Reached target User and Group Name Lookups.
[   12.177767] systemd[1]: Reached target Swap.
[[0;32m  OK  [0m] Reached target Swap.
[   12.185607] systemd[1]: Created slice System Slice.
[[0;32m  OK  [0m] Created slice System Slice.
[[0;32m  OK  [0m] Listening on Network Service Netlink Socket.
[[0;32m  OK  [0m] Listening on LVM2 poll daemon socket.
[[0;32m  OK  [0m] Listening on /dev/initctl Compatibility Named Pipe.
[[0;32m  OK  [0m] Listening on udev Control Socket.
[[0;32m  OK  [0m] Listening on Journal Socket (/dev/log).
[[0;32m  OK  [0m] Listening on Device-mapper event daemon FIFOs.
[[0;32m  OK  [0m] Created slice system-serial\x2dgetty.slice.
[[0;32m  OK  [0m] Listening on LVM2 metadata daemon socket.
[[0;32m  OK  [0m] Created slice User and Session Slice.
[[0;32m  OK  [0m] Started Forward Password Requests to Wall Directory Watch.
[[0;32m  OK  [0m] Reached target System Time Synchronized.
[[0;32m  OK  [0m] Listening on Journal Audit Socket.
[[0;32m  OK  [0m] Listening on Journal Socket.
         Mounting Huge Pages File System...
         Starting Uncomplicated firewall...
         Starting Set the console keyboard layout...
         Mounting Kernel Debug File System...
         Starting Create list of required st…ce nodes for the current kernel...
         Starting Monitoring of LVM2 mirrors…ng dmeventd or progress polling...
[[0;32m  OK  [0m] Reached target Slices.
         Starting Load Kernel Modules...
         Starting Remount Root and Kernel File Systems...
[[0;32m  OK  [0m] Listening on Syslog Socket.
         Starting Journal Service...
[[0;32m  OK  [0m] Listening on udev Kernel Socket.
         Starting udev Coldplug all Devices...
         Mounting POSIX Message Queue File System...
[[0;32m  OK  [0m] Mounted Huge Pages File System.
[[0;32m  OK  [0m] Started Uncomplicated firewall.
[[0;32m  OK  [0m] Mounted Kernel Debug File System.
[[0;32m  OK  [0m] Started Create list of required sta…vice nodes for the current kernel.
[[0;32m  OK  [0m] Mounted POSIX Message Queue File System.
[[0;32m  OK  [0m] Started LVM2 metadata daemon.
         Starting Create Static Device Nodes in /dev...
[   12.348185] Loading iSCSI transport class v2.0-870.
[   12.352512] iscsi: registered transport (tcp)
[   12.364297] iscsi: registered transport (iser)
[[0;32m  OK  [0m] Started Load Kernel Modules.
         Starting Apply Kernel Variables...
         Mounting FUSE Control File System...
         Mounting Kernel Configuration File System...
[[0;32m  OK  [0m] Mounted FUSE Control File System.
[[0;32m  OK  [0m] Mounted Kernel Configuration File System.
[   12.394185] EXT4-fs (sda1): re-mounted. Opts: (null)
[[0;32m  OK  [0m] Started Remount Root and Kernel File Systems.
[[0;32m  OK  [0m] Started Journal Service.
         Starting Flush Journal to Persistent Storage...
         Starting Load/Save Random Seed...
[[0;32m  OK  [0m] Started Monitoring of LVM2 mirrors,…sing dmeventd or progress polling.
[[0;32m  OK  [0m] Started udev Coldplug all Devices.
[[0;32m  OK  [0m] Started Load/Save Random Seed.
[[0;32m  OK  [0m] Started Create Static Device Nodes in /dev.
         Starting udev Kernel Device Manager...
[[0;32m  OK  [0m] Started Apply Kernel Variables.
[[0;32m  OK  [0m] Started Flush Journal to Persistent Storage.
[[0;32m  OK  [0m] Started udev Kernel Device Manager.
[[0;32m  OK  [0m] Started Set the console keyboard layout.
[[0;32m  OK  [0m] Reached target Local File Systems (Pre).
[[0;32m  OK  [0m] Reached target Local File Systems.
         Starting AppArmor initialization...
         Starting Tell Plymouth To Write Out Runtime Data...
         Starting Commit a transient machine-id on disk...
         Starting Set console font and keymap...
         Starting Create Volatile Files and Directories...
         Starting ebtables ruleset management...
[[0;32m  OK  [0m] Started Dispatch Password Requests to Console Directory Watch.
[[0;32m  OK  [0m] Reached target Local Encrypted Volumes.
[[0;32m  OK  [0m] Started Tell Plymouth To Write Out Runtime Data.
[[0;32m  OK  [0m] Started Set console font and keymap.
[[0;32m  OK  [0m] Started Create Volatile Files and Directories.
[[0;32m  OK  [0m] Started ebtables ruleset management.
[[0;32m  OK  [0m] Found device /dev/ttyS0.
         Starting Update UTMP about System Boot/Shutdown...
[[0;32m  OK  [0m] Started Commit a transient machine-id on disk.
[[0;32m  OK  [0m] Started Update UTMP about System Boot/Shutdown.
[[0;32m  OK  [0m] Listening on Load/Save RF Kill Switch Status /dev/rfkill Watch.
[[0;32m  OK  [0m] Started AppArmor initialization.
         Starting Initial cloud-init job (pre-networking)...
         Starting Load AppArmor profiles managed internally by snapd...
[[0;32m  OK  [0m] Started Load AppArmor profiles managed internally by snapd.
[   13.674240] cloud-init[596]: Cloud-init v. 20.3-2-g371b392c-0ubuntu1~18.04.1 running 'init-local' at Mon, 13 Jun 2022 19:15:43 +0000. Up 13.43 seconds.
[[0;32m  OK  [0m] Started Initial cloud-init job (pre-networking).
[[0;32m  OK  [0m] Reached target Network (Pre).
         Starting Network Service...
[[0;32m  OK  [0m] Started Network Service.
         Starting Wait for Network to be Configured...
         Starting Network Name Resolution...
[[0;32m  OK  [0m] Started Network Name Resolution.
[[0;32m  OK  [0m] Reached target Network.
[[0;32m  OK  [0m] Reached target Host and Network Name Lookups.
[[0;32m  OK  [0m] Started Wait for Network to be Configured.
         Starting Initial cloud-init job (metadata service crawler)...
[   15.893307] cloud-init[743]: Cloud-init v. 20.3-2-g371b392c-0ubuntu1~18.04.1 running 'init' at Mon, 13 Jun 2022 19:15:45 +0000. Up 15.80 seconds.
[   15.904281] cloud-init[743]: ci-info: ++++++++++++++++++++++++++++++++++++++Net device info+++++++++++++++++++++++++++++++++++++++
[   15.905665] cloud-init[743]: ci-info: +--------+-------+----------------------------+---------------+--------+-------------------+
[   15.907221] cloud-init[743]: ci-info: | Device |   Up  |          Address           |      Mask     | Scope  |     Hw-Address    |
[   15.908443] cloud-init[743]: ci-info: +--------+-------+----------------------------+---------------+--------+-------------------+
[   15.910031] cloud-init[743]: ci-info: | enp0s3 |  True |         10.0.2.15          | 255.255.255.0 | global | 02:c6:b0:25:69:cb |
[   15.911573] cloud-init[743]: ci-info: | enp0s3 |  True | fe80::c6:b0ff:fe25:69cb/64 |       .       |  link  | 02:c6:b0:25:69:cb |
[   15.913042] cloud-init[743]: ci-info: | enp0s8 | False |             .              |       .       |   .    | 08:00:27:0a:30:ba |
[   15.914604] cloud-init[743]: ci-info: |   lo   |  True |         127.0.0.1          |   255.0.0.0   |  host  |         .         |
[   15.916209] cloud-init[743]: ci-info: |   lo   |  True |          ::1/128           |       .       |  host  |         .         |
[   15.917990] cloud-init[743]: ci-info: +--------+-------+----------------------------+---------------+--------+-------------------+
[   15.919543] cloud-init[743]: ci-info: ++++++++++++++++++++++++++++Route IPv4 info+++++++++++++++++++++++++++++
[   15.920910] cloud-init[743]: ci-info: +-------+-------------+----------+-----------------+-----------+-------+
[   15.922248] cloud-init[743]: ci-info: | Route | Destination | Gateway  |     Genmask     | Interface | Flags |
[   15.923641] cloud-init[743]: ci-info: +-------+-------------+----------+-----------------+-----------+-------+
[   15.925096] cloud-init[743]: ci-info: |   0   |   0.0.0.0   | 10.0.2.2 |     0.0.0.0     |   enp0s3  |   UG  |
[   15.926445] cloud-init[743]: ci-info: |   1   |   10.0.2.0  | 0.0.0.0  |  255.255.255.0  |   enp0s3  |   U   |
[   15.927823] cloud-init[743]: ci-info: |   2   |   10.0.2.2  | 0.0.0.0  | 255.255.255.255 |   enp0s3  |   UH  |
[   15.944352] cloud-init[743]: ci-info: +-------+-------------+----------+-----------------+-----------+-------+
[   15.956183] cloud-init[743]: ci-info: +++++++++++++++++++Route IPv6 info+++++++++++++++++++
[   15.958031] cloud-init[743]: ci-info: +-------+-------------+---------+-----------+-------+
[   15.959289] cloud-init[743]: ci-info: | Route | Destination | Gateway | Interface | Flags |
[   15.960548] cloud-init[743]: ci-info: +-------+-------------+---------+-----------+-------+
[   15.961992] cloud-init[743]: ci-info: |   1   |  fe80::/64  |    ::   |   enp0s3  |   U   |
[   15.963238] cloud-init[743]: ci-info: |   3   |    local    |    ::   |   enp0s3  |   U   |
[   15.964687] cloud-init[743]: ci-info: |   4   |   ff00::/8  |    ::   |   enp0s3  |   U   |
[   15.966089] cloud-init[743]: ci-info: +-------+-------------+---------+-----------+-------+
[   16.859024] cloud-init[743]: Generating public/private rsa key pair.
[   16.860110] cloud-init[743]: Your identification has been saved in /etc/ssh/ssh_host_rsa_key.
[   16.872612] cloud-init[743]: Your public key has been saved in /etc/ssh/ssh_host_rsa_key.pub.
[   16.884373] cloud-init[743]: The key fingerprint is:
[   16.885344] cloud-init[743]: SHA256:nFP3XDMCLI3nSBeCWmJNKr7flDSXmKmNEL3qSbDO+Mw root@ubuntu-bionic
[   16.887136] cloud-init[743]: The key's randomart image is:
[   16.888476] cloud-init[743]: +---[RSA 2048]----+
[   16.889555] cloud-init[743]: |      o...+o.    |
[   16.890593] cloud-init[743]: |    .o.+ +.=.    |
[   16.891611] cloud-init[743]: |   o.o+ . B .. o.|
[   16.892698] cloud-init[[0;32m  OK  [0m] Started Initial cloud-init job (metadata service crawler).
[[0;32m  OK  [0m] Reached target System Initialization.
[[0;32m  OK  [0m] Started Message of the Day.
[[0;32m  OK  [0m] Started Daily Cleanup of Temporary Directories.
[[0;32m  OK  [0m] Started ACPI Events Check.
[[0;32m  OK  [0m] Reached target Paths.
[[0;32m  OK  [0m] Listening on UUID daemon activation socket.
[743]: |  . o...++.o o..o|
[[0;32m  OK  [0m] Started Daily apt download activities.
[   16.899822] cloud-init[743]: | . o . *So    o  |         Starting LXD - unix socket.

         Starting Socket activation for snappy daemon.
[[0;32m  OK  [0m] Listening on ACPID Listen Socket.
[[0;32m  OK  [0m] Started Daily apt upgrade and clean activities.
[[0;32m  OK  [0m] Listening on D-Bus System Message Bus Socket.
[   16.902494] cloud-init[743]: |  o + = +.       |
[[0;32m  OK  [0m] Started Discard unused blocks once a week.
[[   16.916391] [0;32m  OK  [0mcloud-init] [743]: Reached target Timers.| . + o +         |

[[0;32m  OK  [0m] Listening on Open-iSCSI iscsid Socket.
[   16.917605] cloud-init[743]: |+oo o o          |
[[0;32m  OK  [0m] Reached target Cloud-config availability.
[[   16.920337] [0;32m  OK  [0mcloud-init] [743]: Reached target Network is Online.|.+Eo . .         |

[[0;32m  OK  [0m] Reached target Remote File Systems (Pre).
[   16.922383] cloud-init[743]: +----[SHA256]-----+
[[0;32m  OK  [0m] Reached target Remote File Systems.
[   16.923949] cloud-init[743]: Generating public/private dsa key pair.
[   16.925803] cloud-init[743]: Your identification has been saved in /etc/ssh/ssh_host_dsa_key.
[   16.927087] cloud-init[743]: Your public key has been saved in /etc/ssh/ssh_host_dsa_key.pub.
[   16.928438] cloud-init         [743]: Starting Availability of block devices...The key fingerprint is:

[   16.929896] [cloud-init[0;32m  OK  [0m[743]: ] SHA256:rrTACy9bZnxgTr3X5vIYiGYC9SNvxQdqBHnsiwO+cMI root@ubuntu-bionicListening on LXD - unix socket.

[[0;32m  OK  [0m] Listening on Socket activation for snappy daemon.
[   16.940601] cloud-init[743]: The key's randomart image is:
[   16.941908] [cloud-init[0;32m  OK  [0m[743]: ] +---[DSA 1024]----+Started Availability of block devices.

[   16.942665] cloud-init[743]: |  .o             |
[[0;32m  OK  [0m] Reached target Sockets.
[   16.943402] cloud-init[743]: |  ..o            |
[[0;32m  OK  [0m] Reached target Basic System.
[   16.944403] cloud-init[743]: |  .o. .          |
[[0;32m  OK  [0m] Started FUSE filesystem for LXC.
[   16.945833] cloud-init[743]: |.. o.+ .         |
[   16.947292]          cloud-initStarting Accounts Service...[743]: 
|+...O.+ S        |
         Starting Virtualbox guest utils...
[   16.961034] cloud-init[743]: |oE+X.= = .       |
[[   16.962682] [0;32m  OK  [0mcloud-init] [743]: Started D-Bus System Message Bus.|.o+.# = + o      |

[   16.964203] cloud-init[743]: | ..@ = +.=       |
[   16.965153] cloud-init[743]: |  .oo o .oo      |
[   16.965559] cloud-init[743]: +----[SHA256]-----+
[   16.966428] cloud-init[743]: Generating public/private ecdsa key pair.
[   16.967357] cloud-init[743]: Your identification has been saved in /etc/ssh/ssh_host_ecdsa_key.
[   16.980341] cloud-init[743]: Your public key has been saved in /etc/ssh/ssh_host_ecdsa_key.pub.
[   16.981503] cloud-init[743]: The key fingerprint is:
[   16.982582] cloud-init[743]: SHA256:cYFPPRtbcMgaiYrrutok9z/ma4bq83q6b+xL4RyL2Nc root@ubuntu-bionic
[   16.984659] cloud-init[743]: The key's randomart image is:
[   16.985883] cloud-init[743]: +---[ECDSA 256]---+
[   16.986985] cloud-init[743]: |         o.+.o.  |
[   16.988486] cloud-init[743]: |        o +.*..  |
[   16.989302] cloud-init[743]:          Starting System Logging Service...
|     . ..o.o *   |         Starting LSB: automatic crash report generation...
         Starting Permit User Sessions...

[   16.992459] cloud-init[743]: |    . .  oo o    |
[   16.993182] cloud-init[743]: |    o.  S        |
[   16.993902] cloud-init[743]: | o +.=           |
[   16.994657] cloud-init[743]: |o =o*.E          |
[   16.995462] cloud-init[743]: | =.+* =          |
[   16.996067] cloud-init[743]: |.oX#*B+o         |
[   16.996912] cloud-init[743]: +----[SHA256]-----+
[   16.997604] cloud-init[743]: Generating public/private ed25519 key pair.
[   16.998808] cloud-init[743]: Your identification has been saved in /etc/ssh/ssh_host_ed25519_key.
[   17.000186] cloud-init[743]: Your public key has been saved in /etc/ssh/ssh_host_ed25519_key.pub.
[   17.001375] cloud-init[743]: The key fingerprint is:
[   17.002084] cloud-init[743]: SHA256:C1dhmajwidjXdDmqK2iuYmROkmNBA7CiZa7X2h8jHV8 root@ubuntu-bionic
[   17.002964] cloud-init[743]: The key's randomart image is:
[   17.012153] cloud-init[743]: +--[ED25519 256]--+
[   17.012831] cloud-init[743]: |=        .o+     |
[   17.013630] cloud-init[743]: | +  .   o.*.     |
[   17.014291] cloud-init[743]: |+ +o + = o..     |
[   17.015011] cloud-init[743]: |o=. o = o.       |
[   17.015680] cloud-init[743]: |..o  .o.S E      |
[   17.016397] cloud-init[743]: |+* . ..= o       |
[   17.017074] cloud-init[743]: |O...o +.o        |
[   17.017758] cloud-init[743]: |.+oo...o         |
[[0;32m  OK  [0m] Started Regular background program processing daemon.
[   17.019352] cloud-init[743]: |++o .o.          |
[   17.036206] cloud-init[743]: +----[SHA256]-----+
         Starting Dispatcher daemon for systemd-networkd...
         Starting LSB: Record successful boot for GRUB...
         Starting Snap Daemon...
         Starting Pollinate to seed the pseudo random number generator...
[[0;32m  OK  [0m] Started Deferred execution scheduler.
[[0;32m  OK  [0m] Started irqbalance daemon.
         Starting Login Service...
         Starting LXD - container startup/shutdown...
[[0;32m  OK  [0m] Started System Logging Service.
[[0;32m  OK  [0m] Started Permit User Sessions.
[[0;32m  OK  [0m] Started Login Service.
[[0;32m  OK  [0m] Started Unattended Upgrades Shutdown.
         Starting Authorization Manager...
         Starting Hold until boot process finishes up...
         Starting Terminate Plymouth Boot Screen...
[[0;32m  OK  [0m] Started Hold until boot process finishes up.
[[0;32m  OK  [0m] Started Terminate Plymouth Boot Screen.
         Starting Set console scheme...
[[0;32m  OK  [0m] Started Serial Getty on ttyS0.
[[0;32m  OK  [0m] Started LSB: automatic crash report generation.
[[0;32m  OK  [0m] Started Dispatcher daemon for systemd-networkd.
[[0;32m  OK  [0m] Started Authorization Manager.
[[0;32m  OK  [0m] Started Accounts Service.
[[0;32m  OK  [0m] Started LSB: Record successful boot for GRUB.
[[0;32m  OK  [0m] Started Set console scheme.
[[0;32m  OK  [0m] Created slice system-getty.slice.
[[0;32m  OK  [0m] Started Getty on tty1.
[[0;32m  OK  [0m] Reached target Login Prompts.
[[0;32m  OK  [0m] Started Virtualbox guest utils.
[[0;32m  OK  [0m] Started LXD - container startup/shutdown.
[[0;32m  OK  [0m] Started Snap Daemon.
         Starting Wait until snapd is fully seeded...
[[0;32m  OK  [0m] Started Pollinate to seed the pseudo random number generator.
         Starting OpenBSD Secure Shell server...
[[0;32m  OK  [0m] Started OpenBSD Secure Shell server.
[[0;32m  OK  [0m] Created slice User Slice of vagrant.
         Starting User Manager for UID 1000...
[[0;32m  OK  [0m] Started Session 1 of user vagrant.
[[0;32m  OK  [0m] Started User Manager for UID 1000.
[[0;32m  OK  [0m] Started Wait until snapd is fully seeded.
         Starting Apply the settings specified in cloud-config...
[[0;32m  OK  [0m] Reached target Multi-User System.
[[0;32m  OK  [0m] Reached target Graphical Interface.
         Starting Update UTMP about System Runlevel Changes...
[[0;32m  OK  [0m] Started Update UTMP about System Runlevel Changes.
[   22.176430] cloud-init[1442]: Cloud-init v. 20.3-2-g371b392c-0ubuntu1~18.04.1 running 'modules:config' at Mon, 13 Jun 2022 19:15:51 +0000. Up 21.71 seconds.
[[0;32m  OK  [0m] Started Apply the settings specified in cloud-config.
         Starting Execute cloud user/final scripts...
ci-info: no authorized SSH keys fingerprints found for user ubuntu.
<14>Jun 13 19:15:52 ec2: 
<14>Jun 13 19:15:52 ec2: #############################################################
<14>Jun 13 19:15:52 ec2: -----BEGIN SSH HOST KEY FINGERPRINTS-----
<14>Jun 13 19:15:52 ec2: 1024 SHA256:rrTACy9bZnxgTr3X5vIYiGYC9SNvxQdqBHnsiwO+cMI root@ubuntu-bionic (DSA)
<14>Jun 13 19:15:52 ec2: 256 SHA256:cYFPPRtbcMgaiYrrutok9z/ma4bq83q6b+xL4RyL2Nc root@ubuntu-bionic (ECDSA)
<14>Jun 13 19:15:52 ec2: 256 SHA256:C1dhmajwidjXdDmqK2iuYmROkmNBA7CiZa7X2h8jHV8 root@ubuntu-bionic (ED25519)
<14>Jun 13 19:15:52 ec2: 2048 SHA256:nFP3XDMCLI3nSBeCWmJNKr7flDSXmKmNEL3qSbDO+Mw root@ubuntu-bionic (RSA)
<14>Jun 13 19:15:52 ec2: -----END SSH HOST KEY FINGERPRINTS-----
<14>Jun 13 19:15:52 ec2: #############################################################
-----BEGIN SSH HOST KEY KEYS-----
ecdsa-sha2-nistp256 AAAAE2VjZHNhLXNoYTItbmlzdHAyNTYAAAAIbmlzdHAyNTYAAABBBGrbY6zjsFMkqoVz/mKKeW1b+hCA1OMKW1dhGJc4dCuGtGjVyv5Gv49c3Ysa3BzxQRFGdCkFzuus1e9Dk7VN9cw= root@ubuntu-bionic
ssh-ed25519 AAAAC3NzaC1lZDI1NTE5AAAAIJ5IIA9H+8oV7IeRYAn1eEUnWpUVES3OdtPFsSwdca+M root@ubuntu-bionic
ssh-rsa AAAAB3NzaC1yc2EAAAADAQABAAABAQC4b3fa54MrqmqbpAPhuWGAImXoUbakjGq0Hu4n8URkX9PHCZJZZSbuep1H1K+c+YcH0GhsbteaSen50rtctAf9drx+4bcte1grCdwXSTPE75dDqBJvWJ2kkz4hRX5hu1FAO4P4FZut0ng/SncuR2ysfRkRmAqhkmJFc7RZWsoyH2rd6aF+d5MRq6qotnBEIBoxQGcIl2q4rAaQUsbLZpj3uKtjB4vl8q5tjxSTPRBNMbcfPV6H72zgY/Mi/HwSfDugd8cRQIsbR/rnf05nezad3ry7YvZUXFPAaF4SaMd9vNBuMe0+yTcwuH8ldZryjKtjb2oFgQ1q9De/n9VILbt1 root@ubuntu-bionic
-----END SSH HOST KEY KEYS-----
[   22.569181] cloud-init[1583]: Cloud-init v. 20.3-2-g371b392c-0ubuntu1~18.04.1 running 'modules:final' at Mon, 13 Jun 2022 19:15:52 +0000. Up 22.48 seconds.
[   22.569627] cloud-init[1583]: ci-info: no authorized SSH keys fingerprints found for user ubuntu.
[   22.570140] cloud-init[1583]: Cloud-init v. 20.3-2-g371b392c-0ubuntu1~18.04.1 finished at Mon, 13 Jun 2022 19:15:52 +0000. Datasource DataSourceNoCloud [seed=/dev/sdb][dsmode=net].  Up 22.56 seconds

Ubuntu 18.04.5 LTS ubuntu-bionic ttyS0

ubuntu-bionic login: 